#
# There is insufficient memory for the Java Runtime Environment to continue.
# Native memory allocation (malloc) failed to allocate 708768 bytes for Chunk::new
# Possible reasons:
#   The system is out of physical RAM or swap space
#   The process is running with CompressedOops enabled, and the Java Heap may be blocking the growth of the native heap
# Possible solutions:
#   Reduce memory load on the system
#   Increase physical memory or swap space
#   Check if swap backing store is full
#   Decrease Java heap size (-Xmx/-Xms)
#   Decrease number of Java threads
#   Decrease Java thread stack sizes (-Xss)
#   Set larger code cache with -XX:ReservedCodeCacheSize=
#   JVM is running with Unscaled Compressed Oops mode in which the Java heap is
#     placed in the first 4GB address space. The Java Heap base address is the
#     maximum limit for the native heap growth. Please use -XX:HeapBaseMinAddress
#     to set the Java Heap base and to place the Java Heap above 4GB virtual address.
# This output file may be truncated or incomplete.
#
#  Out of Memory Error (arena.cpp:168), pid=5900, tid=29980
#
# JRE version: Java(TM) SE Runtime Environment (21.0.4+8) (build 21.0.4+8-LTS-274)
# Java VM: Java HotSpot(TM) 64-Bit Server VM (21.0.4+8-LTS-274, mixed mode, sharing, tiered, compressed oops, compressed class ptrs, g1 gc, windows-amd64)
# No core dump will be written. Minidumps are not enabled by default on client versions of Windows
#

---------------  S U M M A R Y ------------

Command Line: -javaagent:C:\Program Files\JetBrains\IntelliJ IDEA Community Edition 2023.1.1\lib\idea_rt.jar=57415:C:\Program Files\JetBrains\IntelliJ IDEA Community Edition 2023.1.1\bin -Dfile.encoding=UTF-8 -Dsun.stdout.encoding=UTF-8 -Dsun.stderr.encoding=UTF-8 com.instantsolutions.larimarpharma.LarimarpharmaApplication

Host: AMD Ryzen 3 5300U with Radeon Graphics         , 8 cores, 5G,  Windows 11 , 64 bit Build 26100 (10.0.26100.7705)
Time: Mon Feb 23 17:45:27 2026 India Standard Time elapsed time: 18615.875374 seconds (0d 5h 10m 15s)

---------------  T H R E A D  ---------------

Current thread (0x000001de3ed6e0f0):  JavaThread "C2 CompilerThread0" daemon [_thread_in_native, id=29980, stack(0x000000bb17000000,0x000000bb17100000) (1024K)]


Current CompileTask:
C2:18615876 17246   !   4       java.lang.ref.ReferenceQueue::remove (61 bytes)

Stack: [0x000000bb17000000,0x000000bb17100000]
Native frames: (J=compiled Java code, j=interpreted, Vv=VM code, C=native code)
V  [jvm.dll+0x6c8e59]
V  [jvm.dll+0x853181]
V  [jvm.dll+0x8556ae]
V  [jvm.dll+0x855d83]
V  [jvm.dll+0x27d526]
V  [jvm.dll+0xc4aad]
V  [jvm.dll+0xc4fe3]
V  [jvm.dll+0x3b400c]
V  [jvm.dll+0x3809a5]
V  [jvm.dll+0x37fe1a]
V  [jvm.dll+0x246280]
V  [jvm.dll+0x24585f]
V  [jvm.dll+0x1c69de]
V  [jvm.dll+0x254d49]
V  [jvm.dll+0x2532da]
V  [jvm.dll+0x3ed426]
V  [jvm.dll+0x7fd65b]
V  [jvm.dll+0x6c753d]
C  [ucrtbase.dll+0x37b0]
C  [KERNEL32.DLL+0x2e8d7]
C  [ntdll.dll+0x8c40c]


---------------  P R O C E S S  ---------------

Threads class SMR info:
_java_thread_list=0x000001de89effd10, length=30, elements={
0x000001de3ed4b050, 0x000001de3ed4e630, 0x000001de3ed50680, 0x000001de3ed520f0,
0x000001de3ed54230, 0x000001de3ed56ca0, 0x000001de3ed6e0f0, 0x000001de3ed700d0,
0x000001de3ed13d50, 0x000001de84352700, 0x000001de84352d70, 0x000001de86144e40,
0x000001de870288e0, 0x000001de88274b40, 0x000001de882744b0, 0x000001de88275860,
0x000001de863ada70, 0x000001de863afb40, 0x000001de863ad3e0, 0x000001de863b0ef0,
0x000001de863af4b0, 0x000001de863b1580, 0x000001de863ae100, 0x000001de863aee20,
0x000001de863b2fc0, 0x000001de863b4370, 0x000001de863b4a00, 0x000001de863b3ce0,
0x000001de863b3650, 0x000001de863b22a0
}

Java Threads: ( => current thread )
  0x000001de3ed4b050 JavaThread "Reference Handler"          daemon [_thread_blocked, id=25848, stack(0x000000bb16a00000,0x000000bb16b00000) (1024K)]
  0x000001de3ed4e630 JavaThread "Finalizer"                  daemon [_thread_blocked, id=29104, stack(0x000000bb16b00000,0x000000bb16c00000) (1024K)]
  0x000001de3ed50680 JavaThread "Signal Dispatcher"          daemon [_thread_blocked, id=30468, stack(0x000000bb16c00000,0x000000bb16d00000) (1024K)]
  0x000001de3ed520f0 JavaThread "Attach Listener"            daemon [_thread_blocked, id=25384, stack(0x000000bb16d00000,0x000000bb16e00000) (1024K)]
  0x000001de3ed54230 JavaThread "Service Thread"             daemon [_thread_blocked, id=15180, stack(0x000000bb16e00000,0x000000bb16f00000) (1024K)]
  0x000001de3ed56ca0 JavaThread "Monitor Deflation Thread"   daemon [_thread_blocked, id=3412, stack(0x000000bb16f00000,0x000000bb17000000) (1024K)]
=>0x000001de3ed6e0f0 JavaThread "C2 CompilerThread0"         daemon [_thread_in_native, id=29980, stack(0x000000bb17000000,0x000000bb17100000) (1024K)]
  0x000001de3ed700d0 JavaThread "C1 CompilerThread0"         daemon [_thread_blocked, id=28264, stack(0x000000bb17100000,0x000000bb17200000) (1024K)]
  0x000001de3ed13d50 JavaThread "Common-Cleaner"             daemon [_thread_blocked, id=26172, stack(0x000000bb17200000,0x000000bb17300000) (1024K)]
  0x000001de84352700 JavaThread "Monitor Ctrl-Break"         daemon [_thread_in_native, id=21168, stack(0x000000bb17300000,0x000000bb17400000) (1024K)]
  0x000001de84352d70 JavaThread "Notification Thread"        daemon [_thread_blocked, id=23952, stack(0x000000bb17400000,0x000000bb17500000) (1024K)]
  0x000001de86144e40 JavaThread "Catalina-utility-1"                [_thread_blocked, id=13964, stack(0x000000bb17f00000,0x000000bb18000000) (1024K)]
  0x000001de870288e0 JavaThread "Catalina-utility-2"                [_thread_blocked, id=31552, stack(0x000000bb18000000,0x000000bb18100000) (1024K)]
  0x000001de88274b40 JavaThread "container-0"                       [_thread_blocked, id=29108, stack(0x000000bb18100000,0x000000bb18200000) (1024K)]
  0x000001de882744b0 JavaThread "mysql-cj-abandoned-connection-cleanup" daemon [_thread_blocked, id=18316, stack(0x000000bb18200000,0x000000bb18300000) (1024K)]
  0x000001de88275860 JavaThread "HikariPool-1 housekeeper"   daemon [_thread_blocked, id=31556, stack(0x000000bb18400000,0x000000bb18500000) (1024K)]
  0x000001de863ada70 JavaThread "http-nio-8080-exec-1"       daemon [_thread_blocked, id=23756, stack(0x000000bb17d00000,0x000000bb17e00000) (1024K)]
  0x000001de863afb40 JavaThread "http-nio-8080-exec-2"       daemon [_thread_blocked, id=9560, stack(0x000000bb18600000,0x000000bb18700000) (1024K)]
  0x000001de863ad3e0 JavaThread "http-nio-8080-exec-3"       daemon [_thread_blocked, id=4296, stack(0x000000bb18700000,0x000000bb18800000) (1024K)]
  0x000001de863b0ef0 JavaThread "http-nio-8080-exec-4"       daemon [_thread_blocked, id=1160, stack(0x000000bb18800000,0x000000bb18900000) (1024K)]
  0x000001de863af4b0 JavaThread "http-nio-8080-exec-5"       daemon [_thread_blocked, id=23964, stack(0x000000bb18900000,0x000000bb18a00000) (1024K)]
  0x000001de863b1580 JavaThread "http-nio-8080-exec-6"       daemon [_thread_blocked, id=26356, stack(0x000000bb18a00000,0x000000bb18b00000) (1024K)]
  0x000001de863ae100 JavaThread "http-nio-8080-exec-7"       daemon [_thread_blocked, id=14980, stack(0x000000bb18b00000,0x000000bb18c00000) (1024K)]
  0x000001de863aee20 JavaThread "http-nio-8080-exec-8"       daemon [_thread_blocked, id=22168, stack(0x000000bb18c00000,0x000000bb18d00000) (1024K)]
  0x000001de863b2fc0 JavaThread "http-nio-8080-exec-9"       daemon [_thread_blocked, id=20436, stack(0x000000bb18d00000,0x000000bb18e00000) (1024K)]
  0x000001de863b4370 JavaThread "http-nio-8080-exec-10"      daemon [_thread_blocked, id=17196, stack(0x000000bb18e00000,0x000000bb18f00000) (1024K)]
  0x000001de863b4a00 JavaThread "http-nio-8080-Poller"       daemon [_thread_in_native, id=25428, stack(0x000000bb18f00000,0x000000bb19000000) (1024K)]
  0x000001de863b3ce0 JavaThread "http-nio-8080-Acceptor"     daemon [_thread_in_native, id=3800, stack(0x000000bb19000000,0x000000bb19100000) (1024K)]
  0x000001de863b3650 JavaThread "scheduling-1"                      [_thread_blocked, id=30976, stack(0x000000bb19100000,0x000000bb19200000) (1024K)]
  0x000001de863b22a0 JavaThread "DestroyJavaVM"                     [_thread_blocked, id=15260, stack(0x000000bb16200000,0x000000bb16300000) (1024K)]
Total: 30

Other Threads:
  0x000001de3ed2c960 VMThread "VM Thread"                           [id=31496, stack(0x000000bb16900000,0x000000bb16a00000) (1024K)]
  0x000001de3ed12cf0 WatcherThread "VM Periodic Task Thread"        [id=16988, stack(0x000000bb16800000,0x000000bb16900000) (1024K)]
  0x000001de20e989e0 WorkerThread "GC Thread#0"                     [id=26828, stack(0x000000bb16300000,0x000000bb16400000) (1024K)]
  0x000001de84ccf7d0 WorkerThread "GC Thread#1"                     [id=29964, stack(0x000000bb17500000,0x000000bb17600000) (1024K)]
  0x000001de84e23180 WorkerThread "GC Thread#2"                     [id=10604, stack(0x000000bb17600000,0x000000bb17700000) (1024K)]
  0x000001de84e23930 WorkerThread "GC Thread#3"                     [id=18896, stack(0x000000bb17700000,0x000000bb17800000) (1024K)]
  0x000001de84e23cd0 WorkerThread "GC Thread#4"                     [id=14524, stack(0x000000bb17800000,0x000000bb17900000) (1024K)]
  0x000001de84e24680 WorkerThread "GC Thread#5"                     [id=24860, stack(0x000000bb17900000,0x000000bb17a00000) (1024K)]
  0x000001de84e24a20 WorkerThread "GC Thread#6"                     [id=30952, stack(0x000000bb17a00000,0x000000bb17b00000) (1024K)]
  0x000001de84e24dc0 WorkerThread "GC Thread#7"                     [id=15552, stack(0x000000bb17b00000,0x000000bb17c00000) (1024K)]
  0x000001de20ea5d10 ConcurrentGCThread "G1 Main Marker"            [id=31528, stack(0x000000bb16400000,0x000000bb16500000) (1024K)]
  0x000001de20ea7690 WorkerThread "G1 Conc#0"                       [id=21472, stack(0x000000bb16500000,0x000000bb16600000) (1024K)]
  0x000001de851edfa0 WorkerThread "G1 Conc#1"                       [id=27336, stack(0x000000bb17e00000,0x000000bb17f00000) (1024K)]
  0x000001de3ebe4db0 ConcurrentGCThread "G1 Refine#0"               [id=17440, stack(0x000000bb16600000,0x000000bb16700000) (1024K)]
  0x000001de3ebe56c0 ConcurrentGCThread "G1 Service"                [id=18720, stack(0x000000bb16700000,0x000000bb16800000) (1024K)]
Total: 15

Threads with active compile tasks:
C2 CompilerThread0  18615972 17246   !   4       java.lang.ref.ReferenceQueue::remove (61 bytes)
Total: 1

VM state: not at safepoint (normal execution)

VM Mutex/Monitor currently owned by a thread: None

Heap address: 0x00000000a2600000, size: 1498 MB, Compressed Oops mode: 32-bit

CDS archive(s) mapped at: [0x000001de3f000000-0x000001de3fc90000-0x000001de3fc90000), size 13172736, SharedBaseAddress: 0x000001de3f000000, ArchiveRelocationMode: 1.
Compressed class space mapped at: 0x000001de40000000-0x000001de80000000, reserved size: 1073741824
Narrow klass base: 0x000001de3f000000, Narrow klass shift: 0, Narrow klass range: 0x100000000

GC Precious Log:
 CardTable entry size: 512
 Card Set container configuration: InlinePtr #cards 5 size 8 Array Of Cards #cards 12 size 40 Howl #buckets 4 coarsen threshold 1843 Howl Bitmap #cards 512 size 80 coarsen threshold 460 Card regions per heap region 1 cards per card region 2048
 CPUs: 8 total, 8 available
 Memory: 5989M
 Large Page Support: Disabled
 NUMA Support: Disabled
 Compressed Oops: Enabled (32-bit)
 Heap Region Size: 1M
 Heap Min Capacity: 8M
 Heap Initial Capacity: 94M
 Heap Max Capacity: 1498M
 Pre-touch: Disabled
 Parallel Workers: 8
 Concurrent Workers: 2
 Concurrent Refinement Workers: 8
 Periodic GC: Disabled

Heap:
 garbage-first heap   total 138240K, used 96287K [0x00000000a2600000, 0x0000000100000000)
  region size 1024K, 29 young (29696K), 7 survivors (7168K)
 Metaspace       used 100184K, committed 101248K, reserved 1179648K
  class space    used 12931K, committed 13440K, reserved 1048576K

Heap Regions: E=young(eden), S=young(survivor), O=old, HS=humongous(starts), HC=humongous(continues), CS=collection set, F=free, TAMS=top-at-mark-start, PB=parsable bottom
|   0|0x00000000a2600000, 0x00000000a2700000, 0x00000000a2700000|100%|HS|  |TAMS 0x00000000a2600000| PB 0x00000000a2600000| Complete 
|   1|0x00000000a2700000, 0x00000000a2800000, 0x00000000a2800000|100%| O|  |TAMS 0x00000000a2700000| PB 0x00000000a2700000| Untracked 
|   2|0x00000000a2800000, 0x00000000a2900000, 0x00000000a2900000|100%| O|  |TAMS 0x00000000a2800000| PB 0x00000000a2800000| Untracked 
|   3|0x00000000a2900000, 0x00000000a2a00000, 0x00000000a2a00000|100%| O|  |TAMS 0x00000000a2900000| PB 0x00000000a2900000| Untracked 
|   4|0x00000000a2a00000, 0x00000000a2b00000, 0x00000000a2b00000|100%| O|  |TAMS 0x00000000a2a00000| PB 0x00000000a2a00000| Untracked 
|   5|0x00000000a2b00000, 0x00000000a2c00000, 0x00000000a2c00000|100%| O|  |TAMS 0x00000000a2b00000| PB 0x00000000a2b00000| Untracked 
|   6|0x00000000a2c00000, 0x00000000a2d00000, 0x00000000a2d00000|100%| O|  |TAMS 0x00000000a2c00000| PB 0x00000000a2c00000| Untracked 
|   7|0x00000000a2d00000, 0x00000000a2e00000, 0x00000000a2e00000|100%| O|  |TAMS 0x00000000a2d00000| PB 0x00000000a2d00000| Untracked 
|   8|0x00000000a2e00000, 0x00000000a2f00000, 0x00000000a2f00000|100%| O|  |TAMS 0x00000000a2e00000| PB 0x00000000a2e00000| Untracked 
|   9|0x00000000a2f00000, 0x00000000a3000000, 0x00000000a3000000|100%| O|  |TAMS 0x00000000a2f00000| PB 0x00000000a2f00000| Untracked 
|  10|0x00000000a3000000, 0x00000000a3100000, 0x00000000a3100000|100%| O|  |TAMS 0x00000000a3000000| PB 0x00000000a3000000| Untracked 
|  11|0x00000000a3100000, 0x00000000a3200000, 0x00000000a3200000|100%| O|  |TAMS 0x00000000a3100000| PB 0x00000000a3100000| Untracked 
|  12|0x00000000a3200000, 0x00000000a3300000, 0x00000000a3300000|100%| O|  |TAMS 0x00000000a3200000| PB 0x00000000a3200000| Untracked 
|  13|0x00000000a3300000, 0x00000000a3400000, 0x00000000a3400000|100%| O|  |TAMS 0x00000000a3300000| PB 0x00000000a3300000| Untracked 
|  14|0x00000000a3400000, 0x00000000a3500000, 0x00000000a3500000|100%| O|  |TAMS 0x00000000a3400000| PB 0x00000000a3400000| Untracked 
|  15|0x00000000a3500000, 0x00000000a3600000, 0x00000000a3600000|100%| O|  |TAMS 0x00000000a3500000| PB 0x00000000a3500000| Untracked 
|  16|0x00000000a3600000, 0x00000000a3700000, 0x00000000a3700000|100%| O|  |TAMS 0x00000000a3600000| PB 0x00000000a3600000| Untracked 
|  17|0x00000000a3700000, 0x00000000a3800000, 0x00000000a3800000|100%| O|  |TAMS 0x00000000a3700000| PB 0x00000000a3700000| Untracked 
|  18|0x00000000a3800000, 0x00000000a3900000, 0x00000000a3900000|100%| O|  |TAMS 0x00000000a3800000| PB 0x00000000a3800000| Untracked 
|  19|0x00000000a3900000, 0x00000000a3a00000, 0x00000000a3a00000|100%| O|  |TAMS 0x00000000a3900000| PB 0x00000000a3900000| Untracked 
|  20|0x00000000a3a00000, 0x00000000a3b00000, 0x00000000a3b00000|100%| O|  |TAMS 0x00000000a3a00000| PB 0x00000000a3a00000| Untracked 
|  21|0x00000000a3b00000, 0x00000000a3c00000, 0x00000000a3c00000|100%| O|  |TAMS 0x00000000a3b00000| PB 0x00000000a3b00000| Untracked 
|  22|0x00000000a3c00000, 0x00000000a3d00000, 0x00000000a3d00000|100%| O|  |TAMS 0x00000000a3c00000| PB 0x00000000a3c00000| Untracked 
|  23|0x00000000a3d00000, 0x00000000a3e00000, 0x00000000a3e00000|100%| O|  |TAMS 0x00000000a3d00000| PB 0x00000000a3d00000| Untracked 
|  24|0x00000000a3e00000, 0x00000000a3f00000, 0x00000000a3f00000|100%| O|  |TAMS 0x00000000a3e00000| PB 0x00000000a3e00000| Untracked 
|  25|0x00000000a3f00000, 0x00000000a4000000, 0x00000000a4000000|100%| O|  |TAMS 0x00000000a3f00000| PB 0x00000000a3f00000| Untracked 
|  26|0x00000000a4000000, 0x00000000a4100000, 0x00000000a4100000|100%| O|  |TAMS 0x00000000a4000000| PB 0x00000000a4000000| Untracked 
|  27|0x00000000a4100000, 0x00000000a4200000, 0x00000000a4200000|100%| O|  |TAMS 0x00000000a4100000| PB 0x00000000a4100000| Untracked 
|  28|0x00000000a4200000, 0x00000000a4300000, 0x00000000a4300000|100%| O|  |TAMS 0x00000000a4200000| PB 0x00000000a4200000| Untracked 
|  29|0x00000000a4300000, 0x00000000a4400000, 0x00000000a4400000|100%| O|  |TAMS 0x00000000a4300000| PB 0x00000000a4300000| Untracked 
|  30|0x00000000a4400000, 0x00000000a4500000, 0x00000000a4500000|100%| O|  |TAMS 0x00000000a4400000| PB 0x00000000a4400000| Untracked 
|  31|0x00000000a4500000, 0x00000000a4600000, 0x00000000a4600000|100%| O|  |TAMS 0x00000000a4500000| PB 0x00000000a4500000| Untracked 
|  32|0x00000000a4600000, 0x00000000a4700000, 0x00000000a4700000|100%| O|  |TAMS 0x00000000a4600000| PB 0x00000000a4600000| Untracked 
|  33|0x00000000a4700000, 0x00000000a4800000, 0x00000000a4800000|100%| O|  |TAMS 0x00000000a4700000| PB 0x00000000a4700000| Untracked 
|  34|0x00000000a4800000, 0x00000000a4900000, 0x00000000a4900000|100%| O|  |TAMS 0x00000000a4800000| PB 0x00000000a4800000| Untracked 
|  35|0x00000000a4900000, 0x00000000a4a00000, 0x00000000a4a00000|100%| O|  |TAMS 0x00000000a4900000| PB 0x00000000a4900000| Untracked 
|  36|0x00000000a4a00000, 0x00000000a4b00000, 0x00000000a4b00000|100%| O|  |TAMS 0x00000000a4a00000| PB 0x00000000a4a00000| Untracked 
|  37|0x00000000a4b00000, 0x00000000a4c00000, 0x00000000a4c00000|100%| O|  |TAMS 0x00000000a4b00000| PB 0x00000000a4b00000| Untracked 
|  38|0x00000000a4c00000, 0x00000000a4d00000, 0x00000000a4d00000|100%| O|  |TAMS 0x00000000a4c00000| PB 0x00000000a4c00000| Untracked 
|  39|0x00000000a4d00000, 0x00000000a4e00000, 0x00000000a4e00000|100%| O|  |TAMS 0x00000000a4d00000| PB 0x00000000a4d00000| Untracked 
|  40|0x00000000a4e00000, 0x00000000a4f00000, 0x00000000a4f00000|100%| O|  |TAMS 0x00000000a4e00000| PB 0x00000000a4e00000| Untracked 
|  41|0x00000000a4f00000, 0x00000000a5000000, 0x00000000a5000000|100%| O|  |TAMS 0x00000000a4f00000| PB 0x00000000a4f00000| Untracked 
|  42|0x00000000a5000000, 0x00000000a5100000, 0x00000000a5100000|100%| O|  |TAMS 0x00000000a5000000| PB 0x00000000a5000000| Untracked 
|  43|0x00000000a5100000, 0x00000000a5100000, 0x00000000a5200000|  0%| F|  |TAMS 0x00000000a5100000| PB 0x00000000a5100000| Untracked 
|  44|0x00000000a5200000, 0x00000000a5300000, 0x00000000a5300000|100%| O|  |TAMS 0x00000000a5200000| PB 0x00000000a5200000| Untracked 
|  45|0x00000000a5300000, 0x00000000a5400000, 0x00000000a5400000|100%| O|  |TAMS 0x00000000a5300000| PB 0x00000000a5300000| Untracked 
|  46|0x00000000a5400000, 0x00000000a5500000, 0x00000000a5500000|100%| O|  |TAMS 0x00000000a5400000| PB 0x00000000a5400000| Untracked 
|  47|0x00000000a5500000, 0x00000000a5600000, 0x00000000a5600000|100%| O|  |TAMS 0x00000000a5500000| PB 0x00000000a5500000| Untracked 
|  48|0x00000000a5600000, 0x00000000a5700000, 0x00000000a5700000|100%| O|  |TAMS 0x00000000a5600000| PB 0x00000000a5600000| Untracked 
|  49|0x00000000a5700000, 0x00000000a5800000, 0x00000000a5800000|100%| O|  |TAMS 0x00000000a5700000| PB 0x00000000a5700000| Untracked 
|  50|0x00000000a5800000, 0x00000000a5800000, 0x00000000a5900000|  0%| F|  |TAMS 0x00000000a5800000| PB 0x00000000a5800000| Untracked 
|  51|0x00000000a5900000, 0x00000000a5a00000, 0x00000000a5a00000|100%| O|  |TAMS 0x00000000a5900000| PB 0x00000000a5900000| Untracked 
|  52|0x00000000a5a00000, 0x00000000a5b00000, 0x00000000a5b00000|100%| O|  |TAMS 0x00000000a5a00000| PB 0x00000000a5a00000| Untracked 
|  53|0x00000000a5b00000, 0x00000000a5c00000, 0x00000000a5c00000|100%| O|  |TAMS 0x00000000a5b00000| PB 0x00000000a5b00000| Untracked 
|  54|0x00000000a5c00000, 0x00000000a5c93700, 0x00000000a5d00000| 57%| O|  |TAMS 0x00000000a5c00000| PB 0x00000000a5c00000| Untracked 
|  55|0x00000000a5d00000, 0x00000000a5d00000, 0x00000000a5e00000|  0%| F|  |TAMS 0x00000000a5d00000| PB 0x00000000a5d00000| Untracked 
|  56|0x00000000a5e00000, 0x00000000a5e00000, 0x00000000a5f00000|  0%| F|  |TAMS 0x00000000a5e00000| PB 0x00000000a5e00000| Untracked 
|  57|0x00000000a5f00000, 0x00000000a6000000, 0x00000000a6000000|100%| O|  |TAMS 0x00000000a5f00000| PB 0x00000000a5f00000| Untracked 
|  58|0x00000000a6000000, 0x00000000a6000000, 0x00000000a6100000|  0%| F|  |TAMS 0x00000000a6000000| PB 0x00000000a6000000| Untracked 
|  59|0x00000000a6100000, 0x00000000a6200000, 0x00000000a6200000|100%| O|  |TAMS 0x00000000a6100000| PB 0x00000000a6100000| Untracked 
|  60|0x00000000a6200000, 0x00000000a6200000, 0x00000000a6300000|  0%| F|  |TAMS 0x00000000a6200000| PB 0x00000000a6200000| Untracked 
|  61|0x00000000a6300000, 0x00000000a6400000, 0x00000000a6400000|100%| O|  |TAMS 0x00000000a6300000| PB 0x00000000a6300000| Untracked 
|  62|0x00000000a6400000, 0x00000000a6500000, 0x00000000a6500000|100%| O|  |TAMS 0x00000000a6400000| PB 0x00000000a6400000| Untracked 
|  63|0x00000000a6500000, 0x00000000a6500000, 0x00000000a6600000|  0%| F|  |TAMS 0x00000000a6500000| PB 0x00000000a6500000| Untracked 
|  64|0x00000000a6600000, 0x00000000a6700000, 0x00000000a6700000|100%| O|  |TAMS 0x00000000a6600000| PB 0x00000000a6600000| Untracked 
|  65|0x00000000a6700000, 0x00000000a6800000, 0x00000000a6800000|100%| O|  |TAMS 0x00000000a6700000| PB 0x00000000a6700000| Untracked 
|  66|0x00000000a6800000, 0x00000000a6800000, 0x00000000a6900000|  0%| F|  |TAMS 0x00000000a6800000| PB 0x00000000a6800000| Untracked 
|  67|0x00000000a6900000, 0x00000000a6a00000, 0x00000000a6a00000|100%| O|  |TAMS 0x00000000a6900000| PB 0x00000000a6900000| Untracked 
|  68|0x00000000a6a00000, 0x00000000a6a74560, 0x00000000a6b00000| 45%| S|CS|TAMS 0x00000000a6a00000| PB 0x00000000a6a00000| Complete 
|  69|0x00000000a6b00000, 0x00000000a6c00000, 0x00000000a6c00000|100%| O|  |TAMS 0x00000000a6b00000| PB 0x00000000a6b00000| Untracked 
|  70|0x00000000a6c00000, 0x00000000a6d00000, 0x00000000a6d00000|100%| O|  |TAMS 0x00000000a6c00000| PB 0x00000000a6c00000| Untracked 
|  71|0x00000000a6d00000, 0x00000000a6e00000, 0x00000000a6e00000|100%| O|  |TAMS 0x00000000a6d00000| PB 0x00000000a6d00000| Untracked 
|  72|0x00000000a6e00000, 0x00000000a6f00000, 0x00000000a6f00000|100%| O|  |TAMS 0x00000000a6e00000| PB 0x00000000a6e00000| Untracked 
|  73|0x00000000a6f00000, 0x00000000a7000000, 0x00000000a7000000|100%| O|  |TAMS 0x00000000a6f00000| PB 0x00000000a6f00000| Untracked 
|  74|0x00000000a7000000, 0x00000000a7100000, 0x00000000a7100000|100%| S|CS|TAMS 0x00000000a7000000| PB 0x00000000a7000000| Complete 
|  75|0x00000000a7100000, 0x00000000a7200000, 0x00000000a7200000|100%| O|  |TAMS 0x00000000a7100000| PB 0x00000000a7100000| Untracked 
|  76|0x00000000a7200000, 0x00000000a7300000, 0x00000000a7300000|100%| O|  |TAMS 0x00000000a7200000| PB 0x00000000a7200000| Untracked 
|  77|0x00000000a7300000, 0x00000000a7400000, 0x00000000a7400000|100%| O|  |TAMS 0x00000000a7300000| PB 0x00000000a7300000| Untracked 
|  78|0x00000000a7400000, 0x00000000a7500000, 0x00000000a7500000|100%| S|CS|TAMS 0x00000000a7400000| PB 0x00000000a7400000| Complete 
|  79|0x00000000a7500000, 0x00000000a7600000, 0x00000000a7600000|100%| S|CS|TAMS 0x00000000a7500000| PB 0x00000000a7500000| Complete 
|  80|0x00000000a7600000, 0x00000000a7600000, 0x00000000a7700000|  0%| F|  |TAMS 0x00000000a7600000| PB 0x00000000a7600000| Untracked 
|  81|0x00000000a7700000, 0x00000000a7700000, 0x00000000a7800000|  0%| F|  |TAMS 0x00000000a7700000| PB 0x00000000a7700000| Untracked 
|  82|0x00000000a7800000, 0x00000000a7800000, 0x00000000a7900000|  0%| F|  |TAMS 0x00000000a7800000| PB 0x00000000a7800000| Untracked 
|  83|0x00000000a7900000, 0x00000000a7900000, 0x00000000a7a00000|  0%| F|  |TAMS 0x00000000a7900000| PB 0x00000000a7900000| Untracked 
|  84|0x00000000a7a00000, 0x00000000a7a00000, 0x00000000a7b00000|  0%| F|  |TAMS 0x00000000a7a00000| PB 0x00000000a7a00000| Untracked 
|  85|0x00000000a7b00000, 0x00000000a7c00000, 0x00000000a7c00000|100%| S|CS|TAMS 0x00000000a7b00000| PB 0x00000000a7b00000| Complete 
|  86|0x00000000a7c00000, 0x00000000a7d00000, 0x00000000a7d00000|100%| S|CS|TAMS 0x00000000a7c00000| PB 0x00000000a7c00000| Complete 
|  87|0x00000000a7d00000, 0x00000000a7e00000, 0x00000000a7e00000|100%| S|CS|TAMS 0x00000000a7d00000| PB 0x00000000a7d00000| Complete 
|  88|0x00000000a7e00000, 0x00000000a7e00000, 0x00000000a7f00000|  0%| F|  |TAMS 0x00000000a7e00000| PB 0x00000000a7e00000| Untracked 
|  89|0x00000000a7f00000, 0x00000000a7f00000, 0x00000000a8000000|  0%| F|  |TAMS 0x00000000a7f00000| PB 0x00000000a7f00000| Untracked 
|  90|0x00000000a8000000, 0x00000000a8000000, 0x00000000a8100000|  0%| F|  |TAMS 0x00000000a8000000| PB 0x00000000a8000000| Untracked 
|  91|0x00000000a8100000, 0x00000000a8100000, 0x00000000a8200000|  0%| F|  |TAMS 0x00000000a8100000| PB 0x00000000a8100000| Untracked 
|  92|0x00000000a8200000, 0x00000000a8200000, 0x00000000a8300000|  0%| F|  |TAMS 0x00000000a8200000| PB 0x00000000a8200000| Untracked 
|  93|0x00000000a8300000, 0x00000000a8300000, 0x00000000a8400000|  0%| F|  |TAMS 0x00000000a8300000| PB 0x00000000a8300000| Untracked 
|  94|0x00000000a8400000, 0x00000000a8400000, 0x00000000a8500000|  0%| F|  |TAMS 0x00000000a8400000| PB 0x00000000a8400000| Untracked 
|  95|0x00000000a8500000, 0x00000000a8500000, 0x00000000a8600000|  0%| F|  |TAMS 0x00000000a8500000| PB 0x00000000a8500000| Untracked 
|  96|0x00000000a8600000, 0x00000000a8600000, 0x00000000a8700000|  0%| F|  |TAMS 0x00000000a8600000| PB 0x00000000a8600000| Untracked 
|  97|0x00000000a8700000, 0x00000000a8700000, 0x00000000a8800000|  0%| F|  |TAMS 0x00000000a8700000| PB 0x00000000a8700000| Untracked 
|  98|0x00000000a8800000, 0x00000000a8800000, 0x00000000a8900000|  0%| F|  |TAMS 0x00000000a8800000| PB 0x00000000a8800000| Untracked 
|  99|0x00000000a8900000, 0x00000000a8900000, 0x00000000a8a00000|  0%| F|  |TAMS 0x00000000a8900000| PB 0x00000000a8900000| Untracked 
| 100|0x00000000a8a00000, 0x00000000a8a00000, 0x00000000a8b00000|  0%| F|  |TAMS 0x00000000a8a00000| PB 0x00000000a8a00000| Untracked 
| 101|0x00000000a8b00000, 0x00000000a8b00000, 0x00000000a8c00000|  0%| F|  |TAMS 0x00000000a8b00000| PB 0x00000000a8b00000| Untracked 
| 102|0x00000000a8c00000, 0x00000000a8c00000, 0x00000000a8d00000|  0%| F|  |TAMS 0x00000000a8c00000| PB 0x00000000a8c00000| Untracked 
| 103|0x00000000a8d00000, 0x00000000a8d00000, 0x00000000a8e00000|  0%| F|  |TAMS 0x00000000a8d00000| PB 0x00000000a8d00000| Untracked 
| 104|0x00000000a8e00000, 0x00000000a8e00000, 0x00000000a8f00000|  0%| F|  |TAMS 0x00000000a8e00000| PB 0x00000000a8e00000| Untracked 
| 105|0x00000000a8f00000, 0x00000000a8f00000, 0x00000000a9000000|  0%| F|  |TAMS 0x00000000a8f00000| PB 0x00000000a8f00000| Untracked 
| 106|0x00000000a9000000, 0x00000000a9000000, 0x00000000a9100000|  0%| F|  |TAMS 0x00000000a9000000| PB 0x00000000a9000000| Untracked 
| 107|0x00000000a9100000, 0x00000000a9100000, 0x00000000a9200000|  0%| F|  |TAMS 0x00000000a9100000| PB 0x00000000a9100000| Untracked 
| 108|0x00000000a9200000, 0x00000000a9200000, 0x00000000a9300000|  0%| F|  |TAMS 0x00000000a9200000| PB 0x00000000a9200000| Untracked 
| 109|0x00000000a9300000, 0x00000000a9300000, 0x00000000a9400000|  0%| F|  |TAMS 0x00000000a9300000| PB 0x00000000a9300000| Untracked 
| 110|0x00000000a9400000, 0x00000000a9400000, 0x00000000a9500000|  0%| F|  |TAMS 0x00000000a9400000| PB 0x00000000a9400000| Untracked 
| 111|0x00000000a9500000, 0x00000000a9500000, 0x00000000a9600000|  0%| F|  |TAMS 0x00000000a9500000| PB 0x00000000a9500000| Untracked 
| 112|0x00000000a9600000, 0x00000000a9600000, 0x00000000a9700000|  0%| F|  |TAMS 0x00000000a9600000| PB 0x00000000a9600000| Untracked 
| 113|0x00000000a9700000, 0x00000000a97b5630, 0x00000000a9800000| 70%| E|  |TAMS 0x00000000a9700000| PB 0x00000000a9700000| Complete 
| 114|0x00000000a9800000, 0x00000000a9900000, 0x00000000a9900000|100%| E|CS|TAMS 0x00000000a9800000| PB 0x00000000a9800000| Complete 
| 115|0x00000000a9900000, 0x00000000a9a00000, 0x00000000a9a00000|100%| E|CS|TAMS 0x00000000a9900000| PB 0x00000000a9900000| Complete 
| 116|0x00000000a9a00000, 0x00000000a9b00000, 0x00000000a9b00000|100%| E|CS|TAMS 0x00000000a9a00000| PB 0x00000000a9a00000| Complete 
| 117|0x00000000a9b00000, 0x00000000a9c00000, 0x00000000a9c00000|100%| E|CS|TAMS 0x00000000a9b00000| PB 0x00000000a9b00000| Complete 
| 118|0x00000000a9c00000, 0x00000000a9d00000, 0x00000000a9d00000|100%| E|CS|TAMS 0x00000000a9c00000| PB 0x00000000a9c00000| Complete 
| 119|0x00000000a9d00000, 0x00000000a9e00000, 0x00000000a9e00000|100%| E|CS|TAMS 0x00000000a9d00000| PB 0x00000000a9d00000| Complete 
| 120|0x00000000a9e00000, 0x00000000a9f00000, 0x00000000a9f00000|100%| E|CS|TAMS 0x00000000a9e00000| PB 0x00000000a9e00000| Complete 
| 121|0x00000000a9f00000, 0x00000000aa000000, 0x00000000aa000000|100%| E|CS|TAMS 0x00000000a9f00000| PB 0x00000000a9f00000| Complete 
| 122|0x00000000aa000000, 0x00000000aa100000, 0x00000000aa100000|100%| E|CS|TAMS 0x00000000aa000000| PB 0x00000000aa000000| Complete 
| 123|0x00000000aa100000, 0x00000000aa200000, 0x00000000aa200000|100%| E|CS|TAMS 0x00000000aa100000| PB 0x00000000aa100000| Complete 
| 124|0x00000000aa200000, 0x00000000aa300000, 0x00000000aa300000|100%| E|CS|TAMS 0x00000000aa200000| PB 0x00000000aa200000| Complete 
| 125|0x00000000aa300000, 0x00000000aa400000, 0x00000000aa400000|100%| E|CS|TAMS 0x00000000aa300000| PB 0x00000000aa300000| Complete 
| 126|0x00000000aa400000, 0x00000000aa500000, 0x00000000aa500000|100%| E|  |TAMS 0x00000000aa400000| PB 0x00000000aa400000| Complete 
| 127|0x00000000aa500000, 0x00000000aa600000, 0x00000000aa600000|100%| E|CS|TAMS 0x00000000aa500000| PB 0x00000000aa500000| Complete 
| 128|0x00000000aa600000, 0x00000000aa700000, 0x00000000aa700000|100%| E|CS|TAMS 0x00000000aa600000| PB 0x00000000aa600000| Complete 
| 129|0x00000000aa700000, 0x00000000aa800000, 0x00000000aa800000|100%| E|CS|TAMS 0x00000000aa700000| PB 0x00000000aa700000| Complete 
| 130|0x00000000aa800000, 0x00000000aa900000, 0x00000000aa900000|100%| E|CS|TAMS 0x00000000aa800000| PB 0x00000000aa800000| Complete 
| 131|0x00000000aa900000, 0x00000000aaa00000, 0x00000000aaa00000|100%| E|CS|TAMS 0x00000000aa900000| PB 0x00000000aa900000| Complete 
| 132|0x00000000aaa00000, 0x00000000aab00000, 0x00000000aab00000|100%| E|CS|TAMS 0x00000000aaa00000| PB 0x00000000aaa00000| Complete 
|1496|0x00000000ffe00000, 0x00000000fff00000, 0x00000000fff00000|100%| E|CS|TAMS 0x00000000ffe00000| PB 0x00000000ffe00000| Complete 
|1497|0x00000000fff00000, 0x0000000100000000, 0x0000000100000000|100%| E|CS|TAMS 0x00000000fff00000| PB 0x00000000fff00000| Complete 

Card table byte_map: [0x000001de3a830000,0x000001de3ab20000] _byte_map_base: 0x000001de3a31d000

Marking Bits: (CMBitMap*) 0x000001de20e998f0
 Bits: [0x000001de3ab20000, 0x000001de3c288000)

Polling page: 0x000001de20f20000

Metaspace:

Usage:
  Non-class:     85.21 MB used.
      Class:     12.63 MB used.
       Both:     97.84 MB used.

Virtual space:
  Non-class space:      128.00 MB reserved,      85.75 MB ( 67%) committed,  2 nodes.
      Class space:        1.00 GB reserved,      13.12 MB (  1%) committed,  1 nodes.
             Both:        1.12 GB reserved,      98.88 MB (  9%) committed. 

Chunk freelists:
   Non-Class:  9.76 MB
       Class:  2.90 MB
        Both:  12.67 MB

MaxMetaspaceSize: unlimited
CompressedClassSpaceSize: 1.00 GB
Initial GC threshold: 21.00 MB
Current GC threshold: 157.12 MB
CDS: on
 - commit_granule_bytes: 65536.
 - commit_granule_words: 8192.
 - virtual_space_node_default_size: 8388608.
 - enlarge_chunks_in_place: 1.
 - use_allocation_guard: 0.


Internal statistics:

num_allocs_failed_limit: 6.
num_arena_births: 1726.
num_arena_deaths: 0.
num_vsnodes_births: 3.
num_vsnodes_deaths: 0.
num_space_committed: 1582.
num_space_uncommitted: 0.
num_chunks_returned_to_freelist: 6.
num_chunks_taken_from_freelist: 5592.
num_chunk_merges: 6.
num_chunk_splits: 3910.
num_chunks_enlarged: 2897.
num_inconsistent_stats: 0.

CodeHeap 'non-profiled nmethods': size=120000Kb used=11339Kb max_used=11339Kb free=108660Kb
 bounds [0x000001de325b0000, 0x000001de330d0000, 0x000001de39ae0000]
CodeHeap 'profiled nmethods': size=120000Kb used=27709Kb max_used=27709Kb free=92290Kb
 bounds [0x000001de2aae0000, 0x000001de2c5f0000, 0x000001de32010000]
CodeHeap 'non-nmethods': size=5760Kb used=1797Kb max_used=1857Kb free=3962Kb
 bounds [0x000001de32010000, 0x000001de32280000, 0x000001de325b0000]
 total_blobs=15201 nmethods=14402 adapters=702
 compilation: enabled
              stopped_count=0, restarted_count=0
 full_count=0

Compilation events (20 events):
Event: 18481.894 Thread 0x000001de857241a0 nmethod 17234 0x000001de330b5210 code [0x000001de330b5640, 0x000001de330b7880]
Event: 18481.897 Thread 0x000001de857241a0 17214       4       java.lang.invoke.LambdaForm$MH/0x000001de40c61000::invoke (42 bytes)
Event: 18481.897 Thread 0x000001de3ed6e0f0 17213       4       java.lang.invoke.LambdaForm$MH/0x000001de40c60c00::invoke (42 bytes)
Event: 18481.900 Thread 0x000001de3ed6e0f0 nmethod 17213 0x000001de330b9010 code [0x000001de330b91a0, 0x000001de330b9260]
Event: 18481.900 Thread 0x000001de3ed6e0f0 17215       4       java.lang.invoke.LambdaForm$MH/0x000001de40c61400::invoke (42 bytes)
Event: 18481.901 Thread 0x000001de857241a0 nmethod 17214 0x000001de330b9390 code [0x000001de330b9520, 0x000001de330b95e0]
Event: 18481.901 Thread 0x000001de857241a0 17235       4       java.lang.invoke.LambdaForm$MH/0x000001de40c61800::invoke (42 bytes)
Event: 18481.901 Thread 0x000001de3ed6e0f0 nmethod 17215 0x000001de330b9710 code [0x000001de330b98a0, 0x000001de330b9960]
Event: 18481.902 Thread 0x000001de3ed6e0f0 17236       4       java.lang.invoke.LambdaForm$MH/0x000001de40c61c00::invoke (42 bytes)
Event: 18481.904 Thread 0x000001de3ed6e0f0 nmethod 17236 0x000001de330b9a90 code [0x000001de330b9c20, 0x000001de330b9ce0]
Event: 18481.904 Thread 0x000001de857241a0 nmethod 17235 0x000001de330b9e10 code [0x000001de330b9fa0, 0x000001de330ba060]
Event: 18509.880 Thread 0x000001de3ed6e0f0 17242       4       java.util.concurrent.ConcurrentHashMap$KeyIterator::next (34 bytes)
Event: 18509.897 Thread 0x000001de3ed6e0f0 nmethod 17242 0x000001de330ba190 code [0x000001de330ba340, 0x000001de330ba7a0]
Event: 18532.585 Thread 0x000001de3ed6e0f0 17243   !   4       org.apache.catalina.core.ContainerBase::getRealmInternal (38 bytes)
Event: 18532.619 Thread 0x000001de3ed6e0f0 nmethod 17243 0x000001de330ba990 code [0x000001de330babe0, 0x000001de330bb4c0]
Event: 18542.588 Thread 0x000001de3ed6e0f0 17244   !   4       org.apache.catalina.core.ContainerBase$ContainerBackgroundProcessor::processChildren (202 bytes)
Event: 18542.846 Thread 0x000001de3ed6e0f0 nmethod 17244 0x000001de330bbc10 code [0x000001de330bc220, 0x000001de330c0358]
Event: 18552.594 Thread 0x000001de3ed6e0f0 17245       4       org.apache.catalina.webresources.Cache$$Lambda/0x000001de40aa5f80::applyAsLong (8 bytes)
Event: 18552.598 Thread 0x000001de3ed6e0f0 nmethod 17245 0x000001de330c2a10 code [0x000001de330c2ba0, 0x000001de330c2c60]
Event: 18613.670 Thread 0x000001de3ed6e0f0 17246   !   4       java.lang.ref.ReferenceQueue::remove (61 bytes)

GC Heap History (20 events):
Event: 34.128 GC heap before
{Heap before GC invocations=40 (full 0):
 garbage-first heap   total 120832K, used 106174K [0x00000000a2600000, 0x0000000100000000)
  region size 1024K, 36 young (36864K), 5 survivors (5120K)
 Metaspace       used 92693K, committed 93568K, reserved 1179648K
  class space    used 12085K, committed 12480K, reserved 1048576K
}
Event: 34.133 GC heap after
{Heap after GC invocations=41 (full 0):
 garbage-first heap   total 120832K, used 77456K [0x00000000a2600000, 0x0000000100000000)
  region size 1024K, 3 young (3072K), 3 survivors (3072K)
 Metaspace       used 92693K, committed 93568K, reserved 1179648K
  class space    used 12085K, committed 12480K, reserved 1048576K
}
Event: 35.277 GC heap before
{Heap before GC invocations=42 (full 0):
 garbage-first heap   total 137216K, used 108176K [0x00000000a2600000, 0x0000000100000000)
  region size 1024K, 33 young (33792K), 3 survivors (3072K)
 Metaspace       used 94507K, committed 95488K, reserved 1179648K
  class space    used 12306K, committed 12800K, reserved 1048576K
}
Event: 35.281 GC heap after
{Heap after GC invocations=43 (full 0):
 garbage-first heap   total 137216K, used 77742K [0x00000000a2600000, 0x0000000100000000)
  region size 1024K, 3 young (3072K), 3 survivors (3072K)
 Metaspace       used 94507K, committed 95488K, reserved 1179648K
  class space    used 12306K, committed 12800K, reserved 1048576K
}
Event: 36.208 GC heap before
{Heap before GC invocations=43 (full 0):
 garbage-first heap   total 137216K, used 124846K [0x00000000a2600000, 0x0000000100000000)
  region size 1024K, 49 young (50176K), 3 survivors (3072K)
 Metaspace       used 95117K, committed 96064K, reserved 1179648K
  class space    used 12348K, committed 12800K, reserved 1048576K
}
Event: 36.219 GC heap after
{Heap after GC invocations=44 (full 0):
 garbage-first heap   total 137216K, used 71761K [0x00000000a2600000, 0x0000000100000000)
  region size 1024K, 5 young (5120K), 5 survivors (5120K)
 Metaspace       used 95117K, committed 96064K, reserved 1179648K
  class space    used 12348K, committed 12800K, reserved 1048576K
}
Event: 36.700 GC heap before
{Heap before GC invocations=44 (full 0):
 garbage-first heap   total 137216K, used 122961K [0x00000000a2600000, 0x0000000100000000)
  region size 1024K, 55 young (56320K), 5 survivors (5120K)
 Metaspace       used 95149K, committed 96128K, reserved 1179648K
  class space    used 12350K, committed 12800K, reserved 1048576K
}
Event: 36.705 GC heap after
{Heap after GC invocations=45 (full 0):
 garbage-first heap   total 137216K, used 72135K [0x00000000a2600000, 0x0000000100000000)
  region size 1024K, 4 young (4096K), 4 survivors (4096K)
 Metaspace       used 95149K, committed 96128K, reserved 1179648K
  class space    used 12350K, committed 12800K, reserved 1048576K
}
Event: 37.216 GC heap before
{Heap before GC invocations=45 (full 0):
 garbage-first heap   total 137216K, used 124359K [0x00000000a2600000, 0x0000000100000000)
  region size 1024K, 55 young (56320K), 4 survivors (4096K)
 Metaspace       used 95192K, committed 96128K, reserved 1179648K
  class space    used 12352K, committed 12800K, reserved 1048576K
}
Event: 37.220 GC heap after
{Heap after GC invocations=46 (full 0):
 garbage-first heap   total 137216K, used 71728K [0x00000000a2600000, 0x0000000100000000)
  region size 1024K, 4 young (4096K), 4 survivors (4096K)
 Metaspace       used 95192K, committed 96128K, reserved 1179648K
  class space    used 12352K, committed 12800K, reserved 1048576K
}
Event: 37.990 GC heap before
{Heap before GC invocations=47 (full 0):
 garbage-first heap   total 137216K, used 123952K [0x00000000a2600000, 0x0000000100000000)
  region size 1024K, 55 young (56320K), 4 survivors (4096K)
 Metaspace       used 95412K, committed 96384K, reserved 1179648K
  class space    used 12372K, committed 12864K, reserved 1048576K
}
Event: 37.995 GC heap after
{Heap after GC invocations=48 (full 0):
 garbage-first heap   total 137216K, used 72465K [0x00000000a2600000, 0x0000000100000000)
  region size 1024K, 5 young (5120K), 5 survivors (5120K)
 Metaspace       used 95412K, committed 96384K, reserved 1179648K
  class space    used 12372K, committed 12864K, reserved 1048576K
}
Event: 38.370 GC heap before
{Heap before GC invocations=48 (full 0):
 garbage-first heap   total 137216K, used 122641K [0x00000000a2600000, 0x0000000100000000)
  region size 1024K, 54 young (55296K), 5 survivors (5120K)
 Metaspace       used 95453K, committed 96448K, reserved 1179648K
  class space    used 12373K, committed 12864K, reserved 1048576K
}
Event: 38.378 GC heap after
{Heap after GC invocations=49 (full 0):
 garbage-first heap   total 137216K, used 72554K [0x00000000a2600000, 0x0000000100000000)
  region size 1024K, 4 young (4096K), 4 survivors (4096K)
 Metaspace       used 95453K, committed 96448K, reserved 1179648K
  class space    used 12373K, committed 12864K, reserved 1048576K
}
Event: 38.957 GC heap before
{Heap before GC invocations=49 (full 0):
 garbage-first heap   total 137216K, used 123754K [0x00000000a2600000, 0x0000000100000000)
  region size 1024K, 54 young (55296K), 4 survivors (4096K)
 Metaspace       used 95508K, committed 96512K, reserved 1179648K
  class space    used 12378K, committed 12864K, reserved 1048576K
}
Event: 38.961 GC heap after
{Heap after GC invocations=50 (full 0):
 garbage-first heap   total 137216K, used 72726K [0x00000000a2600000, 0x0000000100000000)
  region size 1024K, 4 young (4096K), 4 survivors (4096K)
 Metaspace       used 95508K, committed 96512K, reserved 1179648K
  class space    used 12378K, committed 12864K, reserved 1048576K
}
Event: 3598.823 GC heap before
{Heap before GC invocations=51 (full 0):
 garbage-first heap   total 138240K, used 122902K [0x00000000a2600000, 0x0000000100000000)
  region size 1024K, 54 young (55296K), 4 survivors (4096K)
 Metaspace       used 96149K, committed 97152K, reserved 1179648K
  class space    used 12424K, committed 12928K, reserved 1048576K
}
Event: 3598.911 GC heap after
{Heap after GC invocations=52 (full 0):
 garbage-first heap   total 138240K, used 74106K [0x00000000a2600000, 0x0000000100000000)
  region size 1024K, 6 young (6144K), 6 survivors (6144K)
 Metaspace       used 96149K, committed 97152K, reserved 1179648K
  class space    used 12424K, committed 12928K, reserved 1048576K
}
Event: 14148.919 GC heap before
{Heap before GC invocations=52 (full 0):
 garbage-first heap   total 138240K, used 121210K [0x00000000a2600000, 0x0000000100000000)
  region size 1024K, 53 young (54272K), 6 survivors (6144K)
 Metaspace       used 99911K, committed 100992K, reserved 1179648K
  class space    used 12926K, committed 13440K, reserved 1048576K
}
Event: 14149.249 GC heap after
{Heap after GC invocations=53 (full 0):
 garbage-first heap   total 138240K, used 75807K [0x00000000a2600000, 0x0000000100000000)
  region size 1024K, 7 young (7168K), 7 survivors (7168K)
 Metaspace       used 99911K, committed 100992K, reserved 1179648K
  class space    used 12926K, committed 13440K, reserved 1048576K
}

Dll operation events (14 events):
Event: 0.025 Loaded shared library C:\Program Files\Java\jdk-21\bin\java.dll
Event: 0.072 Loaded shared library C:\Program Files\Java\jdk-21\bin\jsvml.dll
Event: 0.231 Loaded shared library C:\Program Files\Java\jdk-21\bin\zip.dll
Event: 0.241 Loaded shared library C:\Program Files\Java\jdk-21\bin\instrument.dll
Event: 0.257 Loaded shared library C:\Program Files\Java\jdk-21\bin\net.dll
Event: 0.261 Loaded shared library C:\Program Files\Java\jdk-21\bin\nio.dll
Event: 0.267 Loaded shared library C:\Program Files\Java\jdk-21\bin\zip.dll
Event: 0.566 Loaded shared library C:\Program Files\JetBrains\IntelliJ IDEA Community Edition 2023.1.1\bin\breakgen64.dll
Event: 0.580 Loaded shared library C:\Program Files\Java\jdk-21\bin\extnet.dll
Event: 0.657 Loaded shared library C:\Program Files\Java\jdk-21\bin\jimage.dll
Event: 3.355 Loaded shared library C:\Program Files\Java\jdk-21\bin\sunmscapi.dll
Event: 7.861 Loaded shared library C:\Program Files\Java\jdk-21\bin\management.dll
Event: 7.865 Loaded shared library C:\Program Files\Java\jdk-21\bin\management_ext.dll
Event: 8.986 Loaded shared library C:\Program Files\Java\jdk-21\bin\verify.dll

Deoptimization events (20 events):
Event: 18480.425 Thread 0x000001de863ad3e0 Uncommon trap: trap_request=0xffffff45 fr.pc=0x000001de3289c830 relative=0x00000000000009f0
Event: 18480.429 Thread 0x000001de863ad3e0 Uncommon trap: reason=unstable_if action=reinterpret pc=0x000001de3289c830 method=java.util.WeakHashMap.expungeStaleEntries()V @ 9 c2
Event: 18480.430 Thread 0x000001de863ad3e0 DEOPT PACKING pc=0x000001de3289c830 sp=0x000000bb187fbff0
Event: 18480.435 Thread 0x000001de863ad3e0 DEOPT UNPACKING pc=0x000001de320646a2 sp=0x000000bb187fbe40 mode 2
Event: 18480.618 Thread 0x000001de863ae100 Uncommon trap: trap_request=0xffffff45 fr.pc=0x000001de32fe6c74 relative=0x0000000000001374
Event: 18480.625 Thread 0x000001de863ae100 Uncommon trap: reason=unstable_if action=reinterpret pc=0x000001de32fe6c74 method=java.util.WeakHashMap.remove(Ljava/lang/Object;)Ljava/lang/Object; @ 92 c2
Event: 18480.625 Thread 0x000001de863ae100 DEOPT PACKING pc=0x000001de32fe6c74 sp=0x000000bb18bfbc70
Event: 18480.640 Thread 0x000001de863ae100 DEOPT UNPACKING pc=0x000001de320646a2 sp=0x000000bb18bfbb68 mode 2
Event: 18480.884 Thread 0x000001de863b0ef0 Uncommon trap: trap_request=0xffffff45 fr.pc=0x000001de32df3b2c relative=0x0000000000000ccc
Event: 18480.884 Thread 0x000001de863b0ef0 Uncommon trap: reason=unstable_if action=reinterpret pc=0x000001de32df3b2c method=com.fasterxml.jackson.core.json.WriterBasedJsonGenerator._writeString2(I)V @ 21 c2
Event: 18480.884 Thread 0x000001de863b0ef0 DEOPT PACKING pc=0x000001de32df3b2c sp=0x000000bb188fbc30
Event: 18480.886 Thread 0x000001de863b0ef0 DEOPT UNPACKING pc=0x000001de320646a2 sp=0x000000bb188fbb08 mode 2
Event: 18481.206 Thread 0x000001de863af4b0 Uncommon trap: trap_request=0xffffffde fr.pc=0x000001de32d96794 relative=0x0000000000000694
Event: 18481.208 Thread 0x000001de863af4b0 Uncommon trap: reason=class_check action=maybe_recompile pc=0x000001de32d96794 method=org.springframework.util.ConcurrentReferenceHashMap$ReferenceManager.pollForPurge()Lorg/springframework/util/ConcurrentReferenceHashMap$Reference; @ 7 c2
Event: 18481.208 Thread 0x000001de863af4b0 DEOPT PACKING pc=0x000001de32d96794 sp=0x000000bb189fbf60
Event: 18481.209 Thread 0x000001de863af4b0 DEOPT UNPACKING pc=0x000001de320646a2 sp=0x000000bb189fbdd8 mode 2
Event: 18481.222 Thread 0x000001de863af4b0 Uncommon trap: trap_request=0xffffffde fr.pc=0x000001de32d985f4 relative=0x0000000000000594
Event: 18481.222 Thread 0x000001de863af4b0 Uncommon trap: reason=class_check action=maybe_recompile pc=0x000001de32d985f4 method=org.springframework.util.ConcurrentReferenceHashMap$ReferenceManager.pollForPurge()Lorg/springframework/util/ConcurrentReferenceHashMap$Reference; @ 7 c2
Event: 18481.222 Thread 0x000001de863af4b0 DEOPT PACKING pc=0x000001de32d985f4 sp=0x000000bb189fbf20
Event: 18481.222 Thread 0x000001de863af4b0 DEOPT UNPACKING pc=0x000001de320646a2 sp=0x000000bb189fbe08 mode 2

Classes loaded (20 events):
Event: 35.708 Loading class java/math/package-info
Event: 35.708 Loading class java/math/package-info done
Event: 1767.554 Loading class sun/security/ssl/Alert
Event: 1767.656 Loading class sun/security/ssl/Alert done
Event: 1767.683 Loading class sun/security/ssl/Alert$AlertConsumer
Event: 1767.726 Loading class sun/security/ssl/Alert$AlertConsumer done
Event: 1767.727 Loading class sun/security/ssl/Alert$Level
Event: 1767.737 Loading class sun/security/ssl/Alert$Level done
Event: 1767.770 Loading class sun/net/ConnectionResetException
Event: 1767.780 Loading class sun/net/ConnectionResetException done
Event: 8591.525 Loading class java/lang/Throwable$WrappedPrintStream
Event: 8591.543 Loading class java/lang/Throwable$PrintStreamOrWriter
Event: 8591.545 Loading class java/lang/Throwable$PrintStreamOrWriter done
Event: 8591.545 Loading class java/lang/Throwable$WrappedPrintStream done
Event: 8592.265 Loading class java/util/stream/LongStream
Event: 8592.295 Loading class java/util/stream/LongStream done
Event: 8592.300 Loading class java/util/stream/DoubleStream
Event: 8592.320 Loading class java/util/stream/DoubleStream done
Event: 8595.522 Loading class jdk/internal/reflect/MethodHandleBooleanFieldAccessorImpl
Event: 8595.525 Loading class jdk/internal/reflect/MethodHandleBooleanFieldAccessorImpl done

Classes unloaded (0 events):
No events

Classes redefined (0 events):
No events

Internal exceptions (20 events):
Event: 8595.692 Thread 0x000001de863ae100 Exception <a 'java/lang/NoSuchMethodError'{0x00000000a8827dd8}: 'int java.lang.invoke.Invokers$Holder.invokeExact_MT(java.lang.Object, java.lang.Object, java.lang.Object)'> (0x00000000a8827dd8) 
thrown [s\open\src\hotspot\share\interpreter\linkResolver.cpp, line 773]
Event: 8842.422 Thread 0x000001de8b0809d0 Exception <a 'java/net/SocketException'{0x00000000a87d2a80}: Connection reset by peer: shutdown> (0x00000000a87d2a80) 
thrown [s\open\src\hotspot\share\prims\jni.cpp, line 539]
Event: 14147.147 Thread 0x000001de8b083130 Exception <a 'java/io/IOException'{0x00000000a7f22678}> (0x00000000a7f22678) 
thrown [s\open\src\hotspot\share\prims\jni.cpp, line 520]
Event: 14147.171 Thread 0x000001de8b083130 Exception <a 'java/io/IOException'{0x00000000a7f23298}> (0x00000000a7f23298) 
thrown [s\open\src\hotspot\share\prims\jni.cpp, line 520]
Event: 14147.202 Thread 0x000001de8b083130 Exception <a 'java/io/IOException'{0x00000000a7f278b0}> (0x00000000a7f278b0) 
thrown [s\open\src\hotspot\share\prims\jni.cpp, line 520]
Event: 14147.219 Thread 0x000001de8b083130 Exception <a 'java/io/IOException'{0x00000000a7f2ab68}> (0x00000000a7f2ab68) 
thrown [s\open\src\hotspot\share\prims\jni.cpp, line 520]
Event: 14147.219 Thread 0x000001de8b083130 Exception <a 'java/io/IOException'{0x00000000a7f2b788}> (0x00000000a7f2b788) 
thrown [s\open\src\hotspot\share\prims\jni.cpp, line 520]
Event: 14147.243 Thread 0x000001de8b083130 Exception <a 'java/io/IOException'{0x00000000a7f310b0}> (0x00000000a7f310b0) 
thrown [s\open\src\hotspot\share\prims\jni.cpp, line 520]
Event: 14147.243 Thread 0x000001de8b083130 Exception <a 'java/io/IOException'{0x00000000a7f31cd0}> (0x00000000a7f31cd0) 
thrown [s\open\src\hotspot\share\prims\jni.cpp, line 520]
Event: 14147.269 Thread 0x000001de8b083130 Exception <a 'java/io/IOException'{0x00000000a7f375f8}> (0x00000000a7f375f8) 
thrown [s\open\src\hotspot\share\prims\jni.cpp, line 520]
Event: 14147.270 Thread 0x000001de8b083130 Exception <a 'java/io/IOException'{0x00000000a7f38218}> (0x00000000a7f38218) 
thrown [s\open\src\hotspot\share\prims\jni.cpp, line 520]
Event: 14149.421 Thread 0x000001de8b0837c0 Implicit null exception at 0x000001de33021dbd to 0x000001de3302255c
Event: 15946.721 Thread 0x000001de8b0809d0 Exception <a 'java/io/IOException'{0x00000000aa2f0440}> (0x00000000aa2f0440) 
thrown [s\open\src\hotspot\share\prims\jni.cpp, line 520]
Event: 15946.733 Thread 0x000001de8b0809d0 Exception <a 'java/io/IOException'{0x00000000aa2f1340}> (0x00000000aa2f1340) 
thrown [s\open\src\hotspot\share\prims\jni.cpp, line 520]
Event: 17692.262 Thread 0x000001de8b083130 Exception <a 'java/io/IOException'{0x00000000aa0fc990}> (0x00000000aa0fc990) 
thrown [s\open\src\hotspot\share\prims\jni.cpp, line 520]
Event: 17696.937 Thread 0x000001de8b083130 Exception <a 'java/io/IOException'{0x00000000aa0fe6e8}> (0x00000000aa0fe6e8) 
thrown [s\open\src\hotspot\share\prims\jni.cpp, line 520]
Event: 17696.947 Thread 0x000001de8b083130 Exception <a 'java/io/IOException'{0x00000000aa0ff308}> (0x00000000aa0ff308) 
thrown [s\open\src\hotspot\share\prims\jni.cpp, line 520]
Event: 17722.693 Thread 0x000001de8b083130 Exception <a 'java/net/SocketException'{0x00000000a9a15198}: Connection reset by peer: shutdown> (0x00000000a9a15198) 
thrown [s\open\src\hotspot\share\prims\jni.cpp, line 539]
Event: 17728.456 Thread 0x000001de8b081060 Exception <a 'java/io/IOException'{0x00000000a9a80818}> (0x00000000a9a80818) 
thrown [s\open\src\hotspot\share\prims\jni.cpp, line 520]
Event: 17728.456 Thread 0x000001de8b081060 Exception <a 'java/io/IOException'{0x00000000a9a81438}> (0x00000000a9a81438) 
thrown [s\open\src\hotspot\share\prims\jni.cpp, line 520]

ZGC Phase Switch (0 events):
No events

VM Operations (20 events):
Event: 17701.259 Executing VM operation: Cleanup
Event: 17701.259 Executing VM operation: Cleanup done
Event: 17710.296 Executing VM operation: Cleanup
Event: 17710.296 Executing VM operation: Cleanup done
Event: 18452.995 Executing VM operation: Cleanup
Event: 18453.004 Executing VM operation: Cleanup done
Event: 18480.281 Executing VM operation: Cleanup
Event: 18480.299 Executing VM operation: Cleanup done
Event: 18481.300 Executing VM operation: Cleanup
Event: 18481.301 Executing VM operation: Cleanup done
Event: 18482.301 Executing VM operation: Cleanup
Event: 18482.301 Executing VM operation: Cleanup done
Event: 18506.845 Executing VM operation: HandshakeAllThreads (HandshakeForDeflation)
Event: 18506.847 Executing VM operation: HandshakeAllThreads (HandshakeForDeflation) done
Event: 18506.847 Executing VM operation: RendezvousGCThreads
Event: 18506.847 Executing VM operation: RendezvousGCThreads done
Event: 18553.219 Executing VM operation: Cleanup
Event: 18553.219 Executing VM operation: Cleanup done
Event: 18563.281 Executing VM operation: Cleanup
Event: 18563.281 Executing VM operation: Cleanup done

Events (20 events):
Event: 17708.019 Thread 0x000001de8b0809d0 Thread added: 0x000001de8b0809d0
Event: 17708.031 Thread 0x000001de8b081d80 Thread added: 0x000001de8b081d80
Event: 17721.510 Thread 0x000001de8b0809d0 Thread exited: 0x000001de8b0809d0
Event: 17721.575 Thread 0x000001de8b081d80 Thread exited: 0x000001de8b081d80
Event: 17722.685 Thread 0x000001de8b083130 Thread added: 0x000001de8b083130
Event: 17722.695 Thread 0x000001de8b081d80 Thread added: 0x000001de8b081d80
Event: 17727.701 Thread 0x000001de8b083130 Thread exited: 0x000001de8b083130
Event: 17727.776 Thread 0x000001de8b081d80 Thread exited: 0x000001de8b081d80
Event: 17728.449 Thread 0x000001de8b081060 Thread added: 0x000001de8b081060
Event: 17728.458 Thread 0x000001de8b083130 Thread added: 0x000001de8b083130
Event: 17733.464 Thread 0x000001de8b081060 Thread exited: 0x000001de8b081060
Event: 17733.536 Thread 0x000001de8b083130 Thread exited: 0x000001de8b083130
Event: 17735.880 Thread 0x000001de8b083130 Thread added: 0x000001de8b083130
Event: 17735.887 Thread 0x000001de8b0809d0 Thread added: 0x000001de8b0809d0
Event: 17740.898 Thread 0x000001de8b083130 Thread exited: 0x000001de8b083130
Event: 17740.962 Thread 0x000001de8b0809d0 Thread exited: 0x000001de8b0809d0
Event: 18480.666 Thread 0x000001de857241a0 Thread added: 0x000001de857241a0
Event: 18481.154 Thread 0x000001de857241a0 Thread exited: 0x000001de857241a0
Event: 18481.486 Thread 0x000001de857241a0 Thread added: 0x000001de857241a0
Event: 18486.918 Thread 0x000001de857241a0 Thread exited: 0x000001de857241a0


Dynamic libraries:
0x00007ff735450000 - 0x00007ff735460000 	C:\Program Files\Java\jdk-21\bin\java.exe
0x00007ffda6b40000 - 0x00007ffda6da8000 	C:\WINDOWS\SYSTEM32\ntdll.dll
0x00007ffda57e0000 - 0x00007ffda58a9000 	C:\WINDOWS\System32\KERNEL32.DLL
0x00007ffda36d0000 - 0x00007ffda3ac1000 	C:\WINDOWS\System32\KERNELBASE.dll
0x00007ffda3420000 - 0x00007ffda356b000 	C:\WINDOWS\System32\ucrtbase.dll
0x00007ffd97ad0000 - 0x00007ffd97aeb000 	C:\Program Files\Java\jdk-21\bin\VCRUNTIME140.dll
0x00007ffd969b0000 - 0x00007ffd969c9000 	C:\Program Files\Java\jdk-21\bin\jli.dll
0x00007ffda5b70000 - 0x00007ffda5c24000 	C:\WINDOWS\System32\ADVAPI32.dll
0x00007ffda4a10000 - 0x00007ffda4ab9000 	C:\WINDOWS\System32\msvcrt.dll
0x00007ffda58b0000 - 0x00007ffda5956000 	C:\WINDOWS\System32\sechost.dll
0x00007ffda5550000 - 0x00007ffda5668000 	C:\WINDOWS\System32\RPCRT4.dll
0x00007ffda4b00000 - 0x00007ffda4cc6000 	C:\WINDOWS\System32\USER32.dll
0x00007ffda36a0000 - 0x00007ffda36c7000 	C:\WINDOWS\System32\win32u.dll
0x00007ffd92040000 - 0x00007ffd922d3000 	C:\WINDOWS\WinSxS\amd64_microsoft.windows.common-controls_6595b64144ccf1df_6.0.26100.7824_none_3e0870b2e3345462\COMCTL32.dll
0x00007ffda6880000 - 0x00007ffda68ab000 	C:\WINDOWS\System32\GDI32.dll
0x00007ffda3570000 - 0x00007ffda369b000 	C:\WINDOWS\System32\gdi32full.dll
0x00007ffda3c40000 - 0x00007ffda3ce3000 	C:\WINDOWS\System32\msvcp_win.dll
0x00007ffd9ce40000 - 0x00007ffd9ce4b000 	C:\WINDOWS\SYSTEM32\VERSION.dll
0x00007ffda4ac0000 - 0x00007ffda4af1000 	C:\WINDOWS\System32\IMM32.DLL
0x00007ffd9dda0000 - 0x00007ffd9ddac000 	C:\Program Files\Java\jdk-21\bin\vcruntime140_1.dll
0x00007ffd943b0000 - 0x00007ffd9443e000 	C:\Program Files\Java\jdk-21\bin\msvcp140.dll
0x00007ffd492c0000 - 0x00007ffd49fd3000 	C:\Program Files\Java\jdk-21\bin\server\jvm.dll
0x00007ffda5140000 - 0x00007ffda51b4000 	C:\WINDOWS\System32\WS2_32.dll
0x00007ffda3280000 - 0x00007ffda32de000 	C:\WINDOWS\SYSTEM32\POWRPROF.dll
0x00007ffd9ce00000 - 0x00007ffd9ce35000 	C:\WINDOWS\SYSTEM32\WINMM.dll
0x00007ffda3260000 - 0x00007ffda3274000 	C:\WINDOWS\SYSTEM32\UMPDC.dll
0x00007ffda21c0000 - 0x00007ffda21db000 	C:\WINDOWS\SYSTEM32\kernel.appcore.dll
0x00007ffd996a0000 - 0x00007ffd996aa000 	C:\Program Files\Java\jdk-21\bin\jimage.dll
0x00007ffda1600000 - 0x00007ffda1842000 	C:\WINDOWS\SYSTEM32\DBGHELP.DLL
0x00007ffda51c0000 - 0x00007ffda5546000 	C:\WINDOWS\System32\combase.dll
0x00007ffda5060000 - 0x00007ffda5137000 	C:\WINDOWS\System32\OLEAUT32.dll
0x00007ffd91600000 - 0x00007ffd9163b000 	C:\WINDOWS\SYSTEM32\dbgcore.DLL
0x00007ffda3ad0000 - 0x00007ffda3b75000 	C:\WINDOWS\System32\bcryptPrimitives.dll
0x00007ffd96970000 - 0x00007ffd9697f000 	C:\Program Files\Java\jdk-21\bin\instrument.dll
0x00007ffd96990000 - 0x00007ffd969af000 	C:\Program Files\Java\jdk-21\bin\java.dll
0x00007ffda5c90000 - 0x00007ffda63e2000 	C:\WINDOWS\System32\SHELL32.dll
0x00007ffda3cf0000 - 0x00007ffda3e5a000 	C:\WINDOWS\System32\wintypes.dll
0x00007ffda3e60000 - 0x00007ffda46c3000 	C:\WINDOWS\System32\windows.storage.dll
0x00007ffda59f0000 - 0x00007ffda5ae6000 	C:\WINDOWS\System32\SHCORE.dll
0x00007ffda4930000 - 0x00007ffda4997000 	C:\WINDOWS\System32\shlwapi.dll
0x00007ffda3340000 - 0x00007ffda3369000 	C:\WINDOWS\SYSTEM32\profapi.dll
0x00007ffd7f670000 - 0x00007ffd7f747000 	C:\Program Files\Java\jdk-21\bin\jsvml.dll
0x00007ffd94c40000 - 0x00007ffd94c58000 	C:\Program Files\Java\jdk-21\bin\zip.dll
0x00007ffd96980000 - 0x00007ffd96990000 	C:\Program Files\Java\jdk-21\bin\net.dll
0x00007ffd9a3d0000 - 0x00007ffd9a4f7000 	C:\WINDOWS\SYSTEM32\WINHTTP.dll
0x00007ffda2730000 - 0x00007ffda279b000 	C:\WINDOWS\system32\mswsock.dll
0x00007ffd94e20000 - 0x00007ffd94e36000 	C:\Program Files\Java\jdk-21\bin\nio.dll
0x00007ffd94ba0000 - 0x00007ffd94bba000 	C:\Program Files\JetBrains\IntelliJ IDEA Community Edition 2023.1.1\bin\breakgen64.dll
0x00007ffd94b90000 - 0x00007ffd94b99000 	C:\Program Files\Java\jdk-21\bin\extnet.dll
0x00007ffd94bd0000 - 0x00007ffd94bde000 	C:\Program Files\Java\jdk-21\bin\sunmscapi.dll
0x00007ffda46d0000 - 0x00007ffda4847000 	C:\WINDOWS\System32\CRYPT32.dll
0x00007ffda2c20000 - 0x00007ffda2c50000 	C:\WINDOWS\SYSTEM32\ncrypt.dll
0x00007ffda2bd0000 - 0x00007ffda2c0f000 	C:\WINDOWS\SYSTEM32\NTASN1.dll
0x00007ffda2a00000 - 0x00007ffda2a1b000 	C:\WINDOWS\SYSTEM32\CRYPTSP.dll
0x00007ffda2120000 - 0x00007ffda2159000 	C:\WINDOWS\system32\rsaenh.dll
0x00007ffda27e0000 - 0x00007ffda280b000 	C:\WINDOWS\SYSTEM32\USERENV.dll
0x00007ffda3310000 - 0x00007ffda333a000 	C:\WINDOWS\SYSTEM32\bcrypt.dll
0x00007ffda2a20000 - 0x00007ffda2a2c000 	C:\WINDOWS\SYSTEM32\CRYPTBASE.dll
0x00007ffda1ba0000 - 0x00007ffda1bd4000 	C:\WINDOWS\SYSTEM32\IPHLPAPI.DLL
0x00007ffda4cd0000 - 0x00007ffda4cda000 	C:\WINDOWS\System32\NSI.dll
0x00007ffd94e10000 - 0x00007ffd94e1a000 	C:\Program Files\Java\jdk-21\bin\management.dll
0x00007ffd94be0000 - 0x00007ffd94beb000 	C:\Program Files\Java\jdk-21\bin\management_ext.dll
0x00007ffda4a00000 - 0x00007ffda4a08000 	C:\WINDOWS\System32\PSAPI.DLL
0x00007ffd957b0000 - 0x00007ffd957c0000 	C:\Program Files\Java\jdk-21\bin\verify.dll
0x00007ffda1cb0000 - 0x00007ffda1ddc000 	C:\WINDOWS\SYSTEM32\DNSAPI.dll
0x00007ffd94150000 - 0x00007ffd9415b000 	C:\Windows\System32\rasadhlp.dll
0x00007ffd98400000 - 0x00007ffd98486000 	C:\WINDOWS\System32\fwpuclnt.dll
0x00007ffd9e0f0000 - 0x00007ffd9e0f8000 	C:\WINDOWS\system32\wshunix.dll

dbghelp: loaded successfully - version: 4.0.5 - missing functions: none
symbol engine: initialized successfully - sym options: 0x614 - pdb path: .;C:\Program Files\Java\jdk-21\bin;C:\WINDOWS\SYSTEM32;C:\WINDOWS\WinSxS\amd64_microsoft.windows.common-controls_6595b64144ccf1df_6.0.26100.7824_none_3e0870b2e3345462;C:\Program Files\Java\jdk-21\bin\server;C:\Program Files\JetBrains\IntelliJ IDEA Community Edition 2023.1.1\bin

VM Arguments:
jvm_args: -javaagent:C:\Program Files\JetBrains\IntelliJ IDEA Community Edition 2023.1.1\lib\idea_rt.jar=57415:C:\Program Files\JetBrains\IntelliJ IDEA Community Edition 2023.1.1\bin -Dfile.encoding=UTF-8 -Dsun.stdout.encoding=UTF-8 -Dsun.stderr.encoding=UTF-8 
java_command: com.instantsolutions.larimarpharma.LarimarpharmaApplication
java_class_path (initial): C:\Users\navee\OneDrive\Documents\Instant Solutions\Larimar-Pharma\backend\target\classes;C:\Users\navee\.m2\repository\org\springframework\boot\spring-boot-starter-web\3.3.4\spring-boot-starter-web-3.3.4.jar;C:\Users\navee\.m2\repository\org\springframework\boot\spring-boot-starter\3.3.4\spring-boot-starter-3.3.4.jar;C:\Users\navee\.m2\repository\org\springframework\boot\spring-boot\3.3.4\spring-boot-3.3.4.jar;C:\Users\navee\.m2\repository\org\springframework\boot\spring-boot-autoconfigure\3.3.4\spring-boot-autoconfigure-3.3.4.jar;C:\Users\navee\.m2\repository\org\springframework\boot\spring-boot-starter-logging\3.3.4\spring-boot-starter-logging-3.3.4.jar;C:\Users\navee\.m2\repository\ch\qos\logback\logback-classic\1.5.8\logback-classic-1.5.8.jar;C:\Users\navee\.m2\repository\ch\qos\logback\logback-core\1.5.8\logback-core-1.5.8.jar;C:\Users\navee\.m2\repository\org\apache\logging\log4j\log4j-to-slf4j\2.23.1\log4j-to-slf4j-2.23.1.jar;C:\Users\navee\.m2\repository\org\apache\logging\log4j\log4j-api\2.23.1\log4j-api-2.23.1.jar;C:\Users\navee\.m2\repository\org\slf4j\jul-to-slf4j\2.0.16\jul-to-slf4j-2.0.16.jar;C:\Users\navee\.m2\repository\jakarta\annotation\jakarta.annotation-api\2.1.1\jakarta.annotation-api-2.1.1.jar;C:\Users\navee\.m2\repository\org\yaml\snakeyaml\2.2\snakeyaml-2.2.jar;C:\Users\navee\.m2\repository\org\springframework\boot\spring-boot-starter-json\3.3.4\spring-boot-starter-json-3.3.4.jar;C:\Users\navee\.m2\repository\com\fasterxml\jackson\datatype\jackson-datatype-jdk8\2.17.2\jackson-datatype-jdk8-2.17.2.jar;C:\Users\navee\.m2\repository\com\fasterxml\jackson\module\jackson-module-parameter-names\2.17.2\jackson-module-parameter-names-2.17.2.jar;C:\Users\navee\.m2\repository\org\springframework\boot\spring-boot-starter-tomcat\3.3.4\spring-boot-starter-tomcat-3.3.4.jar;C:\Users\navee\.m2\repository\org\apache\tomcat\embed\tomcat-embed-core\10.1.30\tomcat-embed-core-10.1.30.jar;C:\Users\navee\.m2\repository\org\apache\tomcat\embed\tomcat-embed-websocket\10.1.30\tomcat-embed-websocket-10.1.30.jar;C:\Users\navee\.m2\repository\org\springframework\spring-web\6.1.13\spring-web-6.1.13.jar;C:\Users\navee\.m2\repository\org\springframework\spring-beans\6.1.13\spring-beans-6.1.13.jar;C:\Users\navee\.m2\repository\io\micrometer\micrometer-observation\1.13.4\micrometer-observation-1.13.4.jar;C:\Users\navee\.m2\repository\io\micrometer\micrometer-commons\1.13.4\micrometer-commons-1.13.4.jar;C:\Users\navee\.m2\repository\org\springframework\spring-webmvc\6.1.13\spring-webmvc-6.1.13.jar;C:\Users\navee\.m2\repository\org\springframework\spring-context\6.1.13\spring-context-6.1.13.jar;C:\Users\navee\.m2\repository\org\springframework\spring-expression\6.1.13\spring-expression-6.1.13.jar;C:\Users\navee\.m2\repository\org\springframework\boot\spring-boot-starter-data-jpa\3.3.4\spring-boot-starter-data-jpa-3.3.4.jar;C:\Users\navee\.m2\repository\org\springframework\boot\spring-boot-starter-aop\3.3.4\spring-boot-starter-aop-3.3.4.jar;C:\Users\navee\.m2\repository\org\aspectj\aspectjweaver\1.9.22.1\aspectjweaver-1.9.22.1.jar;C:\Users\navee\.m2\repository\org\springframework\boot\spring-boot-starter-jdbc\3.3.4\spring-boot-starter-jdbc-3.3.4.jar;C:\Users\navee\.m2\repository\com\zaxxer\HikariCP\5.1.0\HikariCP-5.1.0.jar;C:\Users\navee\.m2\repository\org\springframework\spring-jdbc\6.1.13\spring-jdbc-6.1.13.jar;C:\Users\navee\.m2\repository\org\hibernate\orm\hibernate-core\6.5.3.Final\hibernate-core-6.5.3.Final.jar;C:\Users\navee\.m2\repository\jakarta\persistence\jakarta.persistence-api\3.1.0\jakarta.persistence-api-3.1.0.jar;C:\Users\navee\.m2\repository\jakarta\transaction\jakarta.transaction-api\2.0.1\jakarta.transaction-api-2.0.1.jar;C:\Users\navee\.m2\repository\org\jboss\logging\jboss-logging\3.5.3.Final\jboss-logging-3.5.3.Final.jar;C:\Users\navee\.m2\repository\org\hibernate\common\hibernate-commons-annotations\6.0.6.Final\hibernate-commons-annotations-6.0.6.Final.jar;C:\Users\navee\.m2\repository\io\smallrye\jandex\3.1.2\jandex-3.1.2.jar;C:\Users\navee\.m2\repository\com\fasterxml\classmate\1.7.0\classmate-1.7.0.jar;C:\Users\navee\.m2\repository\net\bytebuddy\byte-buddy\1.14.19\byte-buddy-1.14.19.jar;C:\Users\navee\.m2\repository\org\glassfish\jaxb\jaxb-runtime\4.0.5\jaxb-runtime-4.0.5.jar;C:\Users\navee\.m2\repository\org\glassfish\jaxb\jaxb-core\4.0.5\jaxb-core-4.0.5.jar;C:\Users\navee\.m2\repository\org\eclipse\angus\angus-activation\2.0.2\angus-activation-2.0.2.jar;C:\Users\navee\.m2\repository\org\glassfish\jaxb\txw2\4.0.5\txw2-4.0.5.jar;C:\Users\navee\.m2\repository\com\sun\istack\istack-commons-runtime\4.1.2\istack-commons-runtime-4.1.2.jar;C:\Users\navee\.m2\repository\jakarta\inject\jakarta.inject-api\2.0.1\jakarta.inject-api-2.0.1.jar;C:\Users\navee\.m2\repository\org\antlr\antlr4-runtime\4.13.0\antlr4-runtime-4.13.0.jar;C:\Users\navee\.m2\repository\org\springframework\data\spring-data-jpa\3.3.4\spring-data-jpa-3.3.4.jar;C:\Users\navee\.m2\repository\org\springframework\data\spring-data-commons\3.3.4\spring-data-commons-3.3.4.jar;C:\Users\navee\.m2\repository\org\springframework\spring-orm\6.1.13\spring-orm-6.1.13.jar;C:\Users\navee\.m2\repository\org\springframework\spring-tx\6.1.13\spring-tx-6.1.13.jar;C:\Users\navee\.m2\repository\org\slf4j\slf4j-api\2.0.16\slf4j-api-2.0.16.jar;C:\Users\navee\.m2\repository\org\springframework\spring-aspects\6.1.13\spring-aspects-6.1.13.jar;C:\Users\navee\.m2\repository\com\fasterxml\jackson\datatype\jackson-datatype-jsr310\2.17.2\jackson-datatype-jsr310-2.17.2.jar;C:\Users\navee\.m2\repository\com\fasterxml\jackson\core\jackson-annotations\2.17.2\jackson-annotations-2.17.2.jar;C:\Users\navee\.m2\repository\com\fasterxml\jackson\core\jackson-core\2.17.2\jackson-core-2.17.2.jar;C:\Users\navee\.m2\repository\com\fasterxml\jackson\core\jackson-databind\2.17.2\jackson-databind-2.17.2.jar;C:\Users\navee\.m2\repository\org\springframework\boot\spring-boot-starter-security\3.3.4\spring-boot-starter-security-3.3.4.jar;C:\Users\navee\.m2\repository\org\springframework\spring-aop\6.1.13\spring-aop-6.1.13.jar;C:\Users\navee\.m2\repository\org\springframework\security\spring-security-config\6.3.3\spring-security-config-6.3.3.jar;C:\Users\navee\.m2\repository\org\springframework\security\spring-security-core\6.3.3\spring-security-core-6.3.3.jar;C:\Users\navee\.m2\repository\org\springframework\security\spring-security-crypto\6.3.3\spring-security-crypto-6.3.3.jar;C:\Users\navee\.m2\repository\org\springframework\security\spring-security-web\6.3.3\spring-security-web-6.3.3.jar;C:\Users\navee\.m2\repository\org\springframework\boot\spring-boot-starter-validation\3.3.4\spring-boot-starter-validation-3.3.4.jar;C:\Users\navee\.m2\repository\org\apache\tomcat\embed\tomcat-embed-el\10.1.30\tomcat-embed-el-10.1.30.jar;C:\Users\navee\.m2\repository\org\hibernate\validator\hibernate-validator\8.0.1.Final\hibernate-validator-8.0.1.Final.jar;C:\Users\navee\.m2\repository\jakarta\validation\jakarta.validation-api\3.0.2\jakarta.validation-api-3.0.2.jar;C:\Users\navee\.m2\repository\com\mysql\mysql-connector-j\8.3.0\mysql-connector-j-8.3.0.jar;C:\Users\navee\.m2\repository\org\springdoc\springdoc-openapi-starter-webmvc-ui\2.6.0\springdoc-openapi-starter-webmvc-ui-2.6.0.jar;C:\Users\navee\.m2\repository\org\springdoc\springdoc-openapi-starter-webmvc-api\2.6.0\springdoc-openapi-starter-webmvc-api-2.6.0.jar;C:\Users\navee\.m2\repository\org\springdoc\springdoc-openapi-starter-common\2.6.0\springdoc-openapi-starter-common-2.6.0.jar;C:\Users\navee\.m2\repository\io\swagger\core\v3\swagger-core-jakarta\2.2.22\swagger-core-jakarta-2.2.22.jar;C:\Users\navee\.m2\repository\org\apache\commons\commons-lang3\3.14.0\commons-lang3-3.14.0.jar;C:\Users\navee\.m2\repository\io\swagger\core\v3\swagger-annotations-jakarta\2.2.22\swagger-annotations-jakarta-2.2.22.jar;C:\Users\navee\.m2\repository\io\swagger\core\v3\swagger-models-jakarta\2.2.22\swagger-models-jakarta-2.2.22.jar;C:\Users\navee\.m2\repository\com\fasterxml\jackson\dataformat\jackson-dataformat-yaml\2.17.2\jackson-dataformat-yaml-2.17.2.jar;C:\Users\navee\.m2\repository\org\webjars\swagger-ui\5.17.14\swagger-ui-5.17.14.jar;C:\Users\navee\.m2\repository\jakarta\xml\bind\jakarta.xml.bind-api\4.0.2\jakarta.xml.bind-api-4.0.2.jar;C:\Users\navee\.m2\repository\jakarta\activation\jakarta.activation-api\2.1.3\jakarta.activation-api-2.1.3.jar;C:\Users\navee\.m2\repository\org\springframework\spring-core\6.1.13\spring-core-6.1.13.jar;C:\Users\navee\.m2\repository\org\springframework\spring-jcl\6.1.13\spring-jcl-6.1.13.jar
Launcher Type: SUN_STANDARD

[Global flags]
     intx CICompilerCount                          = 4                                         {product} {ergonomic}
     uint ConcGCThreads                            = 2                                         {product} {ergonomic}
     uint G1ConcRefinementThreads                  = 8                                         {product} {ergonomic}
   size_t G1HeapRegionSize                         = 1048576                                   {product} {ergonomic}
    uintx GCDrainStackTargetSize                   = 64                                        {product} {ergonomic}
   size_t InitialHeapSize                          = 98566144                                  {product} {ergonomic}
   size_t MarkStackSize                            = 4194304                                   {product} {ergonomic}
   size_t MaxHeapSize                              = 1570766848                                {product} {ergonomic}
   size_t MaxNewSize                               = 941621248                                 {product} {ergonomic}
   size_t MinHeapDeltaBytes                        = 1048576                                   {product} {ergonomic}
   size_t MinHeapSize                              = 8388608                                   {product} {ergonomic}
    uintx NonNMethodCodeHeapSize                   = 5839372                                {pd product} {ergonomic}
    uintx NonProfiledCodeHeapSize                  = 122909434                              {pd product} {ergonomic}
    uintx ProfiledCodeHeapSize                     = 122909434                              {pd product} {ergonomic}
    uintx ReservedCodeCacheSize                    = 251658240                              {pd product} {ergonomic}
     bool SegmentedCodeCache                       = true                                      {product} {ergonomic}
   size_t SoftMaxHeapSize                          = 1570766848                             {manageable} {ergonomic}
     bool UseCompressedOops                        = true                           {product lp64_product} {ergonomic}
     bool UseG1GC                                  = true                                      {product} {ergonomic}
     bool UseLargePagesIndividualAllocation        = false                                  {pd product} {ergonomic}

Logging:
Log output configuration:
 #0: stdout all=warning uptime,level,tags foldmultilines=false
 #1: stderr all=off uptime,level,tags foldmultilines=false

Environment Variables:
JAVA_HOME=C:\Program Files\Java\jdk-21
PATH=C:\Program Files\Common Files\Oracle\Java\javapath;C:\Python312\Scripts\;C:\Python312\;C:\WINDOWS\system32;C:\WINDOWS;C:\WINDOWS\System32\Wbem;C:\WINDOWS\System32\WindowsPowerShell\v1.0\;C:\WINDOWS\System32\OpenSSH\;C:\Program Files\Git\cmd;C:\Program Files\MySQL\MySQL Server 8.0\bin;C:\ProgramData\chocolatey\bin;C:\Users\navee\AppData\Roaming\nvm;C:\Program Files\nodejs;C:\Program Files\Docker\Docker\resources\bin;C:\Program Files\apache-maven-3.9.9\bin;C:\Program Files\Java\jdk-21\bin;C:\Program Files\MySQL\MySQL Shell 8.0\bin\;C:\Users\navee\AppData\Local\Microsoft\WindowsApps;C:\Users\navee\AppData\Local\GitHubDesktop\bin;C:\Program Files\JetBrains\IntelliJ IDEA Community Edition 2023.1.1\bin;;C:\Users\navee\AppData\Local\Programs\Microsoft VS Code\bin;C:\Users\navee\AppData\Roaming\npm;C:\Users\navee\AppData\Roaming\nvm;C:\Program Files\nodejs;
USERNAME=navee
OS=Windows_NT
PROCESSOR_IDENTIFIER=AMD64 Family 23 Model 104 Stepping 1, AuthenticAMD
TMP=C:\Users\navee\AppData\Local\Temp
TEMP=C:\Users\navee\AppData\Local\Temp




Periodic native trim disabled

---------------  S Y S T E M  ---------------

OS:
 Windows 11 , 64 bit Build 26100 (10.0.26100.7705)
OS uptime: 2 days 5:37 hours
Hyper-V role detected

CPU: total 8 (initial active 8) (8 cores per cpu, 2 threads per core) family 23 model 104 stepping 1 microcode 0x8608109, cx8, cmov, fxsr, ht, mmx, 3dnowpref, sse, sse2, sse3, ssse3, sse4a, sse4.1, sse4.2, popcnt, lzcnt, tsc, tscinvbit, avx, avx2, aes, clmul, bmi1, bmi2, adx, sha, fma, vzeroupper, clflush, clflushopt, hv, rdtscp, rdpid, f16c
Processor Information for processor 0
  Max Mhz: 2600, Current Mhz: 2600, Mhz Limit: 2600
Processor Information for processor 1
  Max Mhz: 2600, Current Mhz: 1700, Mhz Limit: 2600
Processor Information for processor 2
  Max Mhz: 2600, Current Mhz: 1700, Mhz Limit: 2600
Processor Information for processor 3
  Max Mhz: 2600, Current Mhz: 1700, Mhz Limit: 2600
Processor Information for processor 4
  Max Mhz: 2600, Current Mhz: 2600, Mhz Limit: 2600
Processor Information for processor 5
  Max Mhz: 2600, Current Mhz: 1700, Mhz Limit: 2600
Processor Information for processor 6
  Max Mhz: 2600, Current Mhz: 2600, Mhz Limit: 2600
Processor Information for processor 7
  Max Mhz: 2600, Current Mhz: 1700, Mhz Limit: 2600

Memory: 4k page, system-wide physical 5989M (496M free)
TotalPageFile size 24421M (AvailPageFile size 29M)
current process WorkingSet (physical memory assigned to process): 18M, peak: 427M
current process commit charge ("private bytes"): 444M, peak: 462M

vm_info: Java HotSpot(TM) 64-Bit Server VM (21.0.4+8-LTS-274) for windows-amd64 JRE (21.0.4+8-LTS-274), built on 2024-06-05T05:23:33Z by "mach5one" with MS VC++ 17.6 (VS2022)

END.
